WRN: Pool 'chef_rews' has been loaded, but is not attached to any existing data! This is probably a configuration error.
* If you intended to add this data to an existing Pool, please use an existing Pool name instead of 'chef_rews'.
* Did you mean to use the pool name 'fletcher_rews' instead of 'chef_rews'?
* Otherwise, please add 'chef_rews' to a Decree.
* NOTE: This data will not show up in game until one of the above fixes is made.
WRN: Pool 'discs' has been loaded, but is not attached to any existing data! This is probably a configuration error.
* If you intended to add this data to an existing Pool, please use an existing Pool name instead of 'discs'.
* Did you mean to use the pool name 'sophisticatedbackpacks_base' instead of 'discs'?
* Otherwise, please add 'discs' to a Decree.
* NOTE: This data will not show up in game until one of the above fixes is made.
WRN: Pool 'enchants' has been loaded, but is not attached to any existing data! This is probably a configuration error.
* If you intended to add this data to an existing Pool, please use an existing Pool name instead of 'enchants'.
* Did you mean to use the pool name 'sophisticatedbackpacks_base' instead of 'enchants'?
* Otherwise, please add 'enchants' to a Decree.
* NOTE: This data will not show up in game until one of the above fixes is made.
WRN: Pool 'explorer' has been loaded, but is not attached to any existing data! This is probably a configuration error.
* If you intended to add this data to an existing Pool, please use an existing Pool name instead of 'explorer'.
* Did you mean to use the pool name 'cleric_objs' instead of 'explorer'?
* Otherwise, please add 'explorer' to a Decree.
* NOTE: This data will not show up in game until one of the above fixes is made.
WRN: Pool 'mob_drop' has been loaded, but is not attached to any existing data! This is probably a configuration error.
* If you intended to add this data to an existing Pool, please use an existing Pool name instead of 'mob_drop'.
* Did you mean to use the pool name 'mapper_objs' instead of 'mob_drop'?
* Otherwise, please add 'mob_drop' to a Decree.
* NOTE: This data will not show up in game until one of the above fixes is made.
WRN: Pool 'pottery' has been loaded, but is not attached to any existing data! This is probably a configuration error.
* If you intended to add this data to an existing Pool, please use an existing Pool name instead of 'pottery'.
* Did you mean to use the pool name 'sophisticatedbackpacks_upgrade' instead of 'pottery'?
* Otherwise, please add 'pottery' to a Decree.
* NOTE: This data will not show up in game until one of the above fixes is made.
WRN: Pool 'sculk' has been loaded, but is not attached to any existing data! This is probably a configuration error.
* If you intended to add this data to an existing Pool, please use an existing Pool name instead of 'sculk'.
* Did you mean to use the pool name 'sophisticatedbackpacks_upgrade' instead of 'sculk'?
* Otherwise, please add 'sculk' to a Decree.
* NOTE: This data will not show up in game until one of the above fixes is made.
WRN: Pool 'trims' has been loaded, but is not attached to any existing data! This is probably a configuration error.
* If you intended to add this data to an existing Pool, please use an existing Pool name instead of 'trims'.
* Did you mean to use the pool name 'toolsmith_rews' instead of 'trims'?
* Otherwise, please add 'trims' to a Decree.
* NOTE: This data will not show up in game until one of the above fixes is made.
WRN: Pool 'carpenter_objs' has been loaded, but is not attached to any existing data! This is probably a configuration error.
* If you intended to add this data to an existing Pool, please use an existing Pool name instead of 'carpenter_objs'.
* Did you mean to use the pool name 'sophisticatedbackpacks_upgrade' instead of 'carpenter_objs'?
* Otherwise, please add 'carpenter_objs' to a Decree.
* NOTE: This data will not show up in game until one of the above fixes is made.
WRN: Pool 'carpenter_rews' has been loaded, but is not attached to any existing data! This is probably a configuration error.
* If you intended to add this data to an existing Pool, please use an existing Pool name instead of 'carpenter_rews'.
* Did you mean to use the pool name 'sophisticatedbackpacks_upgrade' instead of 'carpenter_rews'?
* Otherwise, please add 'carpenter_rews' to a Decree.
* NOTE: This data will not show up in game until one of the above fixes is made.
WRN: Pool 'chef_objs' has been loaded, but is not attached to any existing data! This is probably a configuration error.
* If you intended to add this data to an existing Pool, please use an existing Pool name instead of 'chef_objs'.
* Did you mean to use the pool name 'fletcher_objs' instead of 'chef_objs'?
* Otherwise, please add 'chef_objs' to a Decree.
* NOTE: This data will not show up in game until one of the above fixes is made.
WRN: Decree 'artifacts' top value rewards cannot be matched with equivalent objectives. This will result in uneven bounties. Consider adding more high value objectives or lowering the value of your rewards.
* Top Rewards: rarities.amethyst_shard (48000.0), rarities.prismarine_crystals (18000.0) total up to: 66000.0
* Top Objs: rarities.amethyst_shard (48000.0) total up to: 48000.0
WRN: Decree 'create_craft' top value rewards cannot be matched with equivalent objectives. This will result in uneven bounties. Consider adding more high value objectives or lowering the value of your rewards.
* Top Rewards: rarities.amethyst_shard (48000.0), rarities.prismarine_crystals (18000.0) total up to: 66000.0
* Top Objs: resources.glass_colorless (48000.0) total up to: 48000.0
WRN: Decree 'create_fluid' top value rewards cannot be matched with equivalent objectives. This will result in uneven bounties. Consider adding more high value objectives or lowering the value of your rewards.
* Top Rewards: rarities.amethyst_shard (48000.0), rarities.prismarine_crystals (18000.0) total up to: 66000.0
* Top Objs: resources.glass_colorless (48000.0) total up to: 48000.0
WRN: Decree 'create_gen' top value rewards cannot be matched with equivalent objectives. This will result in uneven bounties. Consider adding more high value objectives or lowering the value of your rewards.
* Top Rewards: rarities.amethyst_shard (48000.0), rarities.prismarine_crystals (18000.0) total up to: 66000.0
* Top Objs: resources.glass_colorless (48000.0) total up to: 48000.0
WRN: Decree 'create_logistic' top value rewards cannot be matched with equivalent objectives. This will result in uneven bounties. Consider adding more high value objectives or lowering the value of your rewards.
* Top Rewards: rarities.amethyst_shard (48000.0), rarities.prismarine_crystals (18000.0) total up to: 66000.0
* Top Objs: resources.glass_colorless (48000.0) total up to: 48000.0
WRN: Decree 'create_motion' top value rewards cannot be matched with equivalent objectives. This will result in uneven bounties. Consider adding more high value objectives or lowering the value of your rewards.
* Top Rewards: rarities.amethyst_shard (48000.0), rarities.prismarine_crystals (18000.0) total up to: 66000.0
* Top Objs: resources.glass_colorless (48000.0) total up to: 48000.0
WRN: Decree 'create_other' top value rewards cannot be matched with equivalent objectives. This will result in uneven bounties. Consider adding more high value objectives or lowering the value of your rewards.
* Top Rewards: rarities.amethyst_shard (48000.0), rarities.prismarine_crystals (18000.0) total up to: 66000.0
* Top Objs: resources.glass_colorless (48000.0) total up to: 48000.0
WRN: Decree 'farmersdelight' top value rewards cannot be matched with equivalent objectives. This will result in uneven bounties. Consider adding more high value objectives or lowering the value of your rewards.
* Top Rewards: rarities.amethyst_shard (48000.0), rarities.prismarine_crystals (18000.0) total up to: 66000.0
* Top Objs: resources.glass_colorless (48000.0) total up to: 48000.0
WRN: Decree 'sophisticatedbackpacks' top value rewards cannot be matched with equivalent objectives. This will result in uneven bounties. Consider adding more high value objectives or lowering the value of your rewards.
* Top Rewards: rarities.amethyst_shard (48000.0), rarities.prismarine_crystals (18000.0) total up to: 66000.0
* Top Objs: resources.glass_colorless (48000.0) total up to: 48000.0
WRN: Decree 'sophisticatedstorage' top value rewards cannot be matched with equivalent objectives. This will result in uneven bounties. Consider adding more high value objectives or lowering the value of your rewards.
* Top Rewards: rarities.amethyst_shard (48000.0), rarities.prismarine_crystals (18000.0) total up to: 66000.0
* Top Objs: resources.glass_colorless (48000.0) total up to: 48000.0
WRN: Decree 'waystones' top value rewards cannot be matched with equivalent objectives. This will result in uneven bounties. Consider adding more high value objectives or lowering the value of your rewards.
* Top Rewards: rarities.amethyst_shard (48000.0), rarities.prismarine_crystals (18000.0) total up to: 66000.0
* Top Objs: resources.glass_colorless (48000.0) total up to: 48000.0
